\BOOKMARK [0][-]{chapter.1}{Introducci\363n}{}% 1
\BOOKMARK [0][-]{chapter.2}{Planteamiento\040del\040problema}{}% 2
\BOOKMARK [0][-]{chapter.3}{Justificaci\363n}{}% 3
\BOOKMARK [0][-]{chapter.4}{Objetivos}{}% 4
\BOOKMARK [1][-]{section.4.1}{Objetivo\040general}{chapter.4}% 5
\BOOKMARK [1][-]{section.4.2}{Objetivos\040espec\355ficos}{chapter.4}% 6
\BOOKMARK [0][-]{chapter.5}{Alcance}{}% 7
\BOOKMARK [1][-]{section.5.1}{Funcionalidades\040incluidas}{chapter.5}% 8
\BOOKMARK [1][-]{section.5.2}{Estructuras\040y\040mediciones\040contempladas}{chapter.5}% 9
\BOOKMARK [1][-]{section.5.3}{Validaci\363n\040incluida}{chapter.5}% 10
\BOOKMARK [1][-]{section.5.4}{Exclusiones\040del\040alcance}{chapter.5}% 11
\BOOKMARK [1][-]{section.5.5}{Alcance\040del\040documento\040final}{chapter.5}% 12
\BOOKMARK [0][-]{chapter.6}{Descripci\363n\040de\040la\040soluci\363n\040propuesta}{}% 13
\BOOKMARK [1][-]{section.6.1}{Descripci\363n\040general\040del\040flujo}{chapter.6}% 14
\BOOKMARK [1][-]{section.6.2}{Componentes\040principales\040del\040prototipo}{chapter.6}% 15
\BOOKMARK [1][-]{section.6.3}{Rol\040del\040profesional\040y\040resultado\040esperado}{chapter.6}% 16
\BOOKMARK [0][-]{chapter.7}{Estado\040del\040arte}{}% 17
\BOOKMARK [1][-]{section.7.1}{Prop\363sito\040y\040alcance\040del\040estado\040del\040arte}{chapter.7}% 18
\BOOKMARK [1][-]{section.7.2}{Estrategia\040de\040b\372squeda\040y\040criterios\040de\040selecci\363n}{chapter.7}% 19
\BOOKMARK [1][-]{section.7.3}{Datasets\040y\040benchmarks\040para\040RM\040lumbar}{chapter.7}% 20
\BOOKMARK [2][-]{subsection.7.3.1}{SPIDER\040como\040dataset\040base\040del\040MVP}{section.7.3}% 21
\BOOKMARK [2][-]{subsection.7.3.2}{LumbarDISC\040como\040referencia\040complementaria}{section.7.3}% 22
\BOOKMARK [2][-]{subsection.7.3.3}{Dataset\040axial\040complementario\040identificado}{section.7.3}% 23
\BOOKMARK [2][-]{subsection.7.3.4}{Conclusi\363n\040parcial\040sobre\040datasets}{section.7.3}% 24
\BOOKMARK [1][-]{section.7.4}{Segmentaci\363n\040autom\341tica\040de\040estructuras\040lumbares}{chapter.7}% 25
\BOOKMARK [2][-]{subsection.7.4.1}{U-Net,\040nnU-Net\040y\040enfoques\040auto-configurables}{section.7.4}% 26
\BOOKMARK [2][-]{subsection.7.4.2}{SPINEPS\040y\040segmentaci\363n\040multi-estructura}{section.7.4}% 27
\BOOKMARK [2][-]{subsection.7.4.3}{Clasificaci\363n\040degenerativa\040y\040sistemas\040complementarios}{section.7.4}% 28
\BOOKMARK [2][-]{subsection.7.4.4}{Segmentaci\363n\040axial\040como\040antecedente\040preliminar}{section.7.4}% 29
\BOOKMARK [2][-]{subsection.7.4.5}{Conclusi\363n\040parcial\040sobre\040segmentaci\363n}{section.7.4}% 30
\BOOKMARK [1][-]{section.7.5}{Mediciones\040cuantitativas\040derivadas\040de\040segmentaciones}{chapter.7}% 31
\BOOKMARK [1][-]{section.7.6}{Visualizaci\363n,\040revisi\363n\040profesional\040y\040salida\040estructurada}{chapter.7}% 32
\BOOKMARK [1][-]{section.7.7}{Soluciones\040comerciales\040y\040regulatorias}{chapter.7}% 33
\BOOKMARK [2][-]{subsection.7.7.1}{CoLumbo}{section.7.7}% 34
\BOOKMARK [2][-]{subsection.7.7.2}{MSKai}{section.7.7}% 35
\BOOKMARK [2][-]{subsection.7.7.3}{RemedyLogic\040AI\040MRI\040Lumbar\040Spine\040Reader}{section.7.7}% 36
\BOOKMARK [2][-]{subsection.7.7.4}{Prenuvo}{section.7.7}% 37
\BOOKMARK [2][-]{subsection.7.7.5}{Conclusi\363n\040parcial\040sobre\040competencia}{section.7.7}% 38
\BOOKMARK [1][-]{section.7.8}{Herramientas\040abiertas\040y\040sustitutos\040parciales}{chapter.7}% 39
\BOOKMARK [1][-]{section.7.9}{Limitaciones\040detectadas\040en\040los\040antecedentes}{chapter.7}% 40
\BOOKMARK [1][-]{section.7.10}{Brecha\040identificada\040y\040justificaci\363n\040del\040PFI}{chapter.7}% 41
\BOOKMARK [1][-]{section.7.11}{Matriz\040comparativa\040de\040antecedentes}{chapter.7}% 42
\BOOKMARK [1][-]{section.7.12}{Conclusiones\040del\040estado\040del\040arte}{chapter.7}% 43
\BOOKMARK [0][-]{chapter.8}{Marco\040te\363rico}{}% 44
\BOOKMARK [1][-]{section.8.1}{Prop\363sito\040y\040alcance\040del\040marco\040te\363rico}{chapter.8}% 45
\BOOKMARK [1][-]{section.8.2}{Resonancia\040magn\351tica\040lumbar}{chapter.8}% 46
\BOOKMARK [2][-]{subsection.8.2.1}{Principio\040general\040de\040la\040resonancia\040magn\351tica}{section.8.2}% 47
\BOOKMARK [2][-]{subsection.8.2.2}{Secuencias\040T1\040y\040T2\040en\040columna\040lumbar}{section.8.2}% 48
\BOOKMARK [2][-]{subsection.8.2.3}{Planos\040sagital\040y\040axial}{section.8.2}% 49
\BOOKMARK [1][-]{section.8.3}{Anatom\355a\040lumbar\040relevante\040para\040el\040prototipo}{chapter.8}% 50
\BOOKMARK [2][-]{subsection.8.3.1}{Organizaci\363n\040general\040de\040la\040regi\363n\040lumbar}{section.8.3}% 51
\BOOKMARK [2][-]{subsection.8.3.2}{Estructuras\040anat\363micas\040de\040inter\351s}{section.8.3}% 52
\BOOKMARK [3][-]{subsubsection.8.3.2.1}{Cuerpos\040vertebrales}{subsection.8.3.2}% 53
\BOOKMARK [3][-]{subsubsection.8.3.2.2}{Discos\040intervertebrales}{subsection.8.3.2}% 54
\BOOKMARK [3][-]{subsubsection.8.3.2.3}{Canal\040espinal\040y\040saco\040dural}{subsection.8.3.2}% 55
\BOOKMARK [1][-]{section.8.4}{Representaci\363n\040computacional\040de\040im\341genes\040m\351dicas}{chapter.8}% 56
\BOOKMARK [2][-]{subsection.8.4.1}{Imagen\040m\351dica\040como\040matriz\040con\040metadatos}{section.8.4}% 57
\BOOKMARK [2][-]{subsection.8.4.2}{Formatos\040DICOM\040y\040NIfTI}{section.8.4}% 58
\BOOKMARK [2][-]{subsection.8.4.3}{Normalizaci\363n\040y\040preprocesamiento}{section.8.4}% 59
\BOOKMARK [1][-]{section.8.5}{Segmentaci\363n\040de\040im\341genes\040m\351dicas}{chapter.8}% 60
\BOOKMARK [2][-]{subsection.8.5.1}{Definici\363n}{section.8.5}% 61
\BOOKMARK [2][-]{subsection.8.5.2}{Tipos\040de\040segmentaci\363n\040relevantes}{section.8.5}% 62
\BOOKMARK [2][-]{subsection.8.5.3}{Desaf\355os\040en\040RM\040lumbar}{section.8.5}% 63
\BOOKMARK [1][-]{section.8.6}{Aprendizaje\040supervisado\040y\040anotaciones\040de\040referencia}{chapter.8}% 64
\BOOKMARK [2][-]{subsection.8.6.1}{Concepto\040de\040ground\040truth}{section.8.6}% 65
\BOOKMARK [2][-]{subsection.8.6.2}{Entrenamiento,\040validaci\363n\040y\040prueba}{section.8.6}% 66
\BOOKMARK [1][-]{section.8.7}{Modelos\040de\040aprendizaje\040profundo\040para\040segmentaci\363n}{chapter.8}% 67
\BOOKMARK [2][-]{subsection.8.7.1}{Redes\040neuronales\040convolucionales}{section.8.7}% 68
\BOOKMARK [2][-]{subsection.8.7.2}{Arquitecturas\040encoder-decoder}{section.8.7}% 69
\BOOKMARK [2][-]{subsection.8.7.3}{U-Net}{section.8.7}% 70
\BOOKMARK [2][-]{subsection.8.7.4}{nnU-Net}{section.8.7}% 71
\BOOKMARK [2][-]{subsection.8.7.5}{Attention\040U-Net\040y\040modelos\040h\355bridos\040CNN-Transformer}{section.8.7}% 72
\BOOKMARK [2][-]{subsection.8.7.6}{Frameworks\040especializados\040en\040imagen\040m\351dica}{section.8.7}% 73
\BOOKMARK [1][-]{section.8.8}{Mediciones\040cuantitativas\040derivadas\040de\040m\341scaras}{chapter.8}% 74
\BOOKMARK [2][-]{subsection.8.8.1}{M\341scaras\040como\040base\040geom\351trica}{section.8.8}% 75
\BOOKMARK [2][-]{subsection.8.8.2}{Mediciones\040posibles\040en\040RM\040lumbar}{section.8.8}% 76
\BOOKMARK [2][-]{subsection.8.8.3}{L\355mites\040cl\355nicos\040de\040las\040mediciones}{section.8.8}% 77
\BOOKMARK [1][-]{section.8.9}{M\351tricas\040de\040evaluaci\363n\040de\040segmentaci\363n}{chapter.8}% 78
\BOOKMARK [2][-]{subsection.8.9.1}{Necesidad\040de\040evaluaci\363n\040cuantitativa}{section.8.9}% 79
\BOOKMARK [2][-]{subsection.8.9.2}{Coeficiente\040Dice}{section.8.9}% 80
\BOOKMARK [2][-]{subsection.8.9.3}{Intersecci\363n\040sobre\040Uni\363n}{section.8.9}% 81
\BOOKMARK [2][-]{subsection.8.9.4}{Distancia\040de\040Hausdorff\040y\040HD95}{section.8.9}% 82
\BOOKMARK [2][-]{subsection.8.9.5}{Normalized\040Surface\040Dice}{section.8.9}% 83
\BOOKMARK [2][-]{subsection.8.9.6}{Interpretaci\363n\040responsable\040de\040m\351tricas}{section.8.9}% 84
\BOOKMARK [1][-]{section.8.10}{Visualizaci\363n,\040interacci\363n\040y\040salida\040estructurada}{chapter.8}% 85
\BOOKMARK [2][-]{subsection.8.10.1}{Visualizaci\363n\040superpuesta}{section.8.10}% 86
\BOOKMARK [2][-]{subsection.8.10.2}{Salida\040estructurada\040editable}{section.8.10}% 87
\BOOKMARK [2][-]{subsection.8.10.3}{Trazabilidad}{section.8.10}% 88
\BOOKMARK [1][-]{section.8.11}{Inteligencia\040artificial\040asistiva\040y\040rol\040profesional}{chapter.8}% 89
\BOOKMARK [2][-]{subsection.8.11.1}{Sistemas\040de\040apoyo\040a\040la\040decisi\363n\040cl\355nica}{section.8.11}% 90
\BOOKMARK [2][-]{subsection.8.11.2}{Humano\040en\040el\040circuito}{section.8.11}% 91
\BOOKMARK [2][-]{subsection.8.11.3}{Diferencia\040entre\040asistencia\040y\040diagn\363stico\040aut\363nomo}{section.8.11}% 92
\BOOKMARK [1][-]{section.8.12}{Privacidad,\040\351tica\040y\040l\355mites\040normativos}{chapter.8}% 93
\BOOKMARK [1][-]{section.8.13}{S\355ntesis\040conceptual}{chapter.8}% 94
\BOOKMARK [1][-]{section.8.14}{Conclusi\363n\040del\040marco\040te\363rico}{chapter.8}% 95
\BOOKMARK [0][-]{appendix.Alph1}{Glosario\040de\040t\351rminos}{}% 96
\BOOKMARK [0][-]{appendix.Alph2}{Anatom\355a\040de\040la\040columna\040lumbar\040y\040los\040discos\040intervertebrales}{}% 97
\BOOKMARK [1][-]{section.Alph2.1}{Esquema\040simplificado\040de\040columna\040lumbar\040sagital}{appendix.Alph2}% 98
\BOOKMARK [1][-]{section.Alph2.2}{Esquema\040conceptual\040de\040segmentaci\363n}{appendix.Alph2}% 99
\BOOKMARK [0][-]{appendix.Alph3}{Ampliaci\363n\040preliminar\040del\040alcance:\040plano\040axial}{}% 100
\BOOKMARK [1][-]{section.Alph3.1}{Origen\040del\040ajuste\040de\040alcance}{appendix.Alph3}% 101
\BOOKMARK [1][-]{section.Alph3.2}{Dataset\040axial\040identificado}{appendix.Alph3}% 102
\BOOKMARK [1][-]{section.Alph3.3}{Justificaci\363n\040t\351cnica\040preliminar}{appendix.Alph3}% 103
\BOOKMARK [1][-]{section.Alph3.4}{Alcance\040preliminar\040del\040m\363dulo\040axial}{appendix.Alph3}% 104
\BOOKMARK [1][-]{section.Alph3.5}{Limitaciones\040y\040decisi\363n\040metodol\363gica}{appendix.Alph3}% 105
\BOOKMARK [1][-]{section.Alph3.6}{Impacto\040sobre\040el\040alcance\040actual}{appendix.Alph3}% 106
\BOOKMARK [0][-]{appendix*.2}{Referencias}{}% 107
\BOOKMARK [0][-]{appendix*.4}{Bibliograf\355a\040y\040recursos\040adicionales}{}% 108
