\BOOKMARK [0][-]{chapter.1}{Introducci\363n}{}% 1
\BOOKMARK [0][-]{chapter.2}{Planteamiento\040del\040problema}{}% 2
\BOOKMARK [0][-]{chapter.3}{Justificaci\363n}{}% 3
\BOOKMARK [0][-]{chapter.4}{Objetivos}{}% 4
\BOOKMARK [1][-]{section.4.1}{Objetivo\040general}{chapter.4}% 5
\BOOKMARK [1][-]{section.4.2}{Objetivos\040espec\355ficos}{chapter.4}% 6
\BOOKMARK [0][-]{chapter.5}{Alcance}{}% 7
\BOOKMARK [1][-]{section.5.1}{Funcionalidades\040incluidas}{chapter.5}% 8
\BOOKMARK [1][-]{section.5.2}{Estructuras\040y\040mediciones\040contempladas}{chapter.5}% 9
\BOOKMARK [1][-]{section.5.3}{Validaci\363n\040incluida}{chapter.5}% 10
\BOOKMARK [1][-]{section.5.4}{Exclusiones\040del\040alcance}{chapter.5}% 11
\BOOKMARK [1][-]{section.5.5}{Privacidad\040y\040gesti\363n\040de\040datos}{chapter.5}% 12
\BOOKMARK [1][-]{section.5.6}{Alcance\040del\040documento\040final}{chapter.5}% 13
\BOOKMARK [0][-]{chapter.6}{Estado\040del\040arte}{}% 14
\BOOKMARK [1][-]{section.6.1}{Prop\363sito\040y\040alcance\040del\040estado\040del\040arte}{chapter.6}% 15
\BOOKMARK [1][-]{section.6.2}{Estrategia\040de\040b\372squeda\040y\040criterios\040de\040selecci\363n}{chapter.6}% 16
\BOOKMARK [1][-]{section.6.3}{Datasets\040y\040benchmarks\040para\040RM\040lumbar}{chapter.6}% 17
\BOOKMARK [2][-]{subsection.6.3.1}{SPIDER\040como\040dataset\040base\040del\040MVP}{section.6.3}% 18
\BOOKMARK [2][-]{subsection.6.3.2}{LumbarDISC\040como\040referencia\040complementaria}{section.6.3}% 19
\BOOKMARK [2][-]{subsection.6.3.3}{Dataset\040de\040Sudirman\040y\040Al-Kafri\040como\040referencia\040axial}{section.6.3}% 20
\BOOKMARK [2][-]{subsection.6.3.4}{Conclusi\363n\040parcial\040sobre\040datasets}{section.6.3}% 21
\BOOKMARK [1][-]{section.6.4}{Segmentaci\363n\040autom\341tica\040de\040estructuras\040lumbares}{chapter.6}% 22
\BOOKMARK [2][-]{subsection.6.4.1}{U-Net,\040nnU-Net\040y\040enfoques\040auto-configurables}{section.6.4}% 23
\BOOKMARK [2][-]{subsection.6.4.2}{SPINEPS\040y\040segmentaci\363n\040multi-estructura}{section.6.4}% 24
\BOOKMARK [2][-]{subsection.6.4.3}{Clasificaci\363n\040degenerativa\040y\040sistemas\040complementarios}{section.6.4}% 25
\BOOKMARK [2][-]{subsection.6.4.4}{Segmentaci\363n\040axial\040sobre\040RM\040lumbar}{section.6.4}% 26
\BOOKMARK [2][-]{subsection.6.4.5}{Conclusi\363n\040parcial\040sobre\040segmentaci\363n}{section.6.4}% 27
\BOOKMARK [1][-]{section.6.5}{Mediciones\040cuantitativas\040derivadas\040de\040segmentaciones}{chapter.6}% 28
\BOOKMARK [1][-]{section.6.6}{Visualizaci\363n,\040revisi\363n\040profesional\040y\040salida\040estructurada}{chapter.6}% 29
\BOOKMARK [1][-]{section.6.7}{Soluciones\040comerciales\040y\040regulatorias}{chapter.6}% 30
\BOOKMARK [2][-]{subsection.6.7.1}{CoLumbo}{section.6.7}% 31
\BOOKMARK [2][-]{subsection.6.7.2}{MSKai}{section.6.7}% 32
\BOOKMARK [2][-]{subsection.6.7.3}{RemedyLogic\040AI\040MRI\040Lumbar\040Spine\040Reader}{section.6.7}% 33
\BOOKMARK [2][-]{subsection.6.7.4}{Prenuvo}{section.6.7}% 34
\BOOKMARK [2][-]{subsection.6.7.5}{Conclusi\363n\040parcial\040sobre\040competencia}{section.6.7}% 35
\BOOKMARK [1][-]{section.6.8}{Herramientas\040abiertas\040y\040sustitutos\040parciales}{chapter.6}% 36
\BOOKMARK [1][-]{section.6.9}{Limitaciones\040detectadas\040en\040los\040antecedentes}{chapter.6}% 37
\BOOKMARK [1][-]{section.6.10}{Brecha\040identificada\040y\040justificaci\363n\040del\040PFI}{chapter.6}% 38
\BOOKMARK [1][-]{section.6.11}{Matriz\040comparativa\040de\040antecedentes}{chapter.6}% 39
\BOOKMARK [1][-]{section.6.12}{An\341lisis\040competitivo:\040matriz\040FODA\040y\040fuerzas\040de\040Porter}{chapter.6}% 40
\BOOKMARK [2][-]{subsection.6.12.1}{Matriz\040FODA}{section.6.12}% 41
\BOOKMARK [2][-]{subsection.6.12.2}{Fuerzas\040competitivas\040de\040Porter}{section.6.12}% 42
\BOOKMARK [1][-]{section.6.13}{Conclusiones\040del\040estado\040del\040arte}{chapter.6}% 43
\BOOKMARK [0][-]{chapter.7}{Marco\040te\363rico}{}% 44
\BOOKMARK [1][-]{section.7.1}{Prop\363sito\040y\040alcance\040del\040marco\040te\363rico}{chapter.7}% 45
\BOOKMARK [1][-]{section.7.2}{Resonancia\040magn\351tica\040lumbar}{chapter.7}% 46
\BOOKMARK [2][-]{subsection.7.2.1}{Principio\040general\040de\040la\040resonancia\040magn\351tica}{section.7.2}% 47
\BOOKMARK [2][-]{subsection.7.2.2}{Secuencias\040T1\040y\040T2\040en\040columna\040lumbar}{section.7.2}% 48
\BOOKMARK [2][-]{subsection.7.2.3}{Planos\040sagital\040y\040axial}{section.7.2}% 49
\BOOKMARK [1][-]{section.7.3}{Anatom\355a\040lumbar\040relevante\040para\040el\040prototipo}{chapter.7}% 50
\BOOKMARK [2][-]{subsection.7.3.1}{Organizaci\363n\040general\040de\040la\040regi\363n\040lumbar}{section.7.3}% 51
\BOOKMARK [2][-]{subsection.7.3.2}{Estructuras\040anat\363micas\040de\040inter\351s}{section.7.3}% 52
\BOOKMARK [1][-]{section.7.4}{Representaci\363n\040computacional\040de\040im\341genes\040m\351dicas}{chapter.7}% 53
\BOOKMARK [2][-]{subsection.7.4.1}{Imagen\040m\351dica\040como\040matriz\040con\040metadatos}{section.7.4}% 54
\BOOKMARK [2][-]{subsection.7.4.2}{Formatos\040DICOM\040y\040NIfTI}{section.7.4}% 55
\BOOKMARK [2][-]{subsection.7.4.3}{Normalizaci\363n\040y\040preprocesamiento}{section.7.4}% 56
\BOOKMARK [1][-]{section.7.5}{Segmentaci\363n\040de\040im\341genes\040m\351dicas}{chapter.7}% 57
\BOOKMARK [2][-]{subsection.7.5.1}{Definici\363n}{section.7.5}% 58
\BOOKMARK [2][-]{subsection.7.5.2}{Tipos\040de\040segmentaci\363n\040relevantes}{section.7.5}% 59
\BOOKMARK [2][-]{subsection.7.5.3}{Desaf\355os\040en\040RM\040lumbar}{section.7.5}% 60
\BOOKMARK [1][-]{section.7.6}{Aprendizaje\040supervisado\040y\040anotaciones\040de\040referencia}{chapter.7}% 61
\BOOKMARK [2][-]{subsection.7.6.1}{Concepto\040de\040ground\040truth}{section.7.6}% 62
\BOOKMARK [2][-]{subsection.7.6.2}{Entrenamiento,\040validaci\363n\040y\040prueba}{section.7.6}% 63
\BOOKMARK [1][-]{section.7.7}{Modelos\040de\040aprendizaje\040profundo\040para\040segmentaci\363n}{chapter.7}% 64
\BOOKMARK [2][-]{subsection.7.7.1}{Redes\040neuronales\040convolucionales}{section.7.7}% 65
\BOOKMARK [2][-]{subsection.7.7.2}{Arquitecturas\040encoder-decoder}{section.7.7}% 66
\BOOKMARK [2][-]{subsection.7.7.3}{U-Net}{section.7.7}% 67
\BOOKMARK [2][-]{subsection.7.7.4}{nnU-Net}{section.7.7}% 68
\BOOKMARK [2][-]{subsection.7.7.5}{Attention\040U-Net\040y\040modelos\040h\355bridos\040CNN-Transformer}{section.7.7}% 69
\BOOKMARK [2][-]{subsection.7.7.6}{Frameworks\040especializados\040en\040imagen\040m\351dica}{section.7.7}% 70
\BOOKMARK [1][-]{section.7.8}{Mediciones\040cuantitativas\040derivadas\040de\040m\341scaras}{chapter.7}% 71
\BOOKMARK [2][-]{subsection.7.8.1}{M\341scaras\040como\040base\040geom\351trica}{section.7.8}% 72
\BOOKMARK [2][-]{subsection.7.8.2}{Mediciones\040posibles\040en\040RM\040lumbar}{section.7.8}% 73
\BOOKMARK [2][-]{subsection.7.8.3}{L\355mites\040cl\355nicos\040de\040las\040mediciones}{section.7.8}% 74
\BOOKMARK [1][-]{section.7.9}{M\351tricas\040de\040evaluaci\363n\040de\040segmentaci\363n}{chapter.7}% 75
\BOOKMARK [2][-]{subsection.7.9.1}{Necesidad\040de\040evaluaci\363n\040cuantitativa}{section.7.9}% 76
\BOOKMARK [2][-]{subsection.7.9.2}{Coeficiente\040Dice}{section.7.9}% 77
\BOOKMARK [2][-]{subsection.7.9.3}{Intersecci\363n\040sobre\040Uni\363n}{section.7.9}% 78
\BOOKMARK [2][-]{subsection.7.9.4}{Distancia\040de\040Hausdorff\040y\040HD95}{section.7.9}% 79
\BOOKMARK [2][-]{subsection.7.9.5}{Normalized\040Surface\040Dice}{section.7.9}% 80
\BOOKMARK [2][-]{subsection.7.9.6}{Interpretaci\363n\040responsable\040de\040m\351tricas}{section.7.9}% 81
\BOOKMARK [1][-]{section.7.10}{Visualizaci\363n,\040interacci\363n\040y\040salida\040estructurada}{chapter.7}% 82
\BOOKMARK [2][-]{subsection.7.10.1}{Visualizaci\363n\040superpuesta}{section.7.10}% 83
\BOOKMARK [2][-]{subsection.7.10.2}{Salida\040estructurada\040editable}{section.7.10}% 84
\BOOKMARK [2][-]{subsection.7.10.3}{Trazabilidad}{section.7.10}% 85
\BOOKMARK [2][-]{subsection.7.10.4}{Generaci\363n\040de\040preinformes\040estructurados}{section.7.10}% 86
\BOOKMARK [1][-]{section.7.11}{Inteligencia\040artificial\040asistiva\040y\040rol\040profesional}{chapter.7}% 87
\BOOKMARK [2][-]{subsection.7.11.1}{Sistemas\040de\040apoyo\040a\040la\040decisi\363n\040cl\355nica}{section.7.11}% 88
\BOOKMARK [2][-]{subsection.7.11.2}{Humano\040en\040el\040circuito}{section.7.11}% 89
\BOOKMARK [2][-]{subsection.7.11.3}{Diferencia\040entre\040asistencia\040y\040diagn\363stico\040aut\363nomo}{section.7.11}% 90
\BOOKMARK [1][-]{section.7.12}{Privacidad,\040\351tica\040y\040l\355mites\040normativos}{chapter.7}% 91
\BOOKMARK [1][-]{section.7.13}{S\355ntesis\040conceptual}{chapter.7}% 92
\BOOKMARK [1][-]{section.7.14}{Conclusi\363n\040del\040marco\040te\363rico}{chapter.7}% 93
\BOOKMARK [0][-]{chapter.8}{User\040research,\040elicitaci\363n\040y\040an\341lisis\040preliminar\040de\040requerimientos}{}% 94
\BOOKMARK [1][-]{section.8.1}{Prop\363sito\040del\040cap\355tulo}{chapter.8}% 95
\BOOKMARK [1][-]{section.8.2}{Dise\361o\040del\040relevamiento}{chapter.8}% 96
\BOOKMARK [1][-]{section.8.3}{Perfil\040de\040profesionales\040entrevistados}{chapter.8}% 97
\BOOKMARK [1][-]{section.8.4}{Criterio\040de\040tratamiento\040de\040las\040transcripciones}{chapter.8}% 98
\BOOKMARK [1][-]{section.8.5}{Matriz\040de\040hallazgos}{chapter.8}% 99
\BOOKMARK [1][-]{section.8.6}{Lectura\040anal\355tica\040de\040los\040hallazgos}{chapter.8}% 100
\BOOKMARK [1][-]{section.8.7}{Aspectos\040no\040consolidados\040o\040diferidos}{chapter.8}% 101
\BOOKMARK [1][-]{section.8.8}{User\040persona\040preliminar}{chapter.8}% 102
\BOOKMARK [1][-]{section.8.9}{Necesidades\040detectadas}{chapter.8}% 103
\BOOKMARK [1][-]{section.8.10}{\311picas\040iniciales\040y\040criterios\040de\040aceptaci\363n}{chapter.8}% 104
\BOOKMARK [1][-]{section.8.11}{Encuesta\040cuantitativa\040a\040profesionales}{chapter.8}% 105
\BOOKMARK [2][-]{subsection.8.11.1}{Criterio\040de\040inclusi\363n\040y\040dimensionamiento\040de\040la\040muestra}{section.8.11}% 106
\BOOKMARK [2][-]{subsection.8.11.2}{Resultados}{section.8.11}% 107
\BOOKMARK [2][-]{subsection.8.11.3}{S\355ntesis\040de\040la\040encuesta}{section.8.11}% 108
\BOOKMARK [1][-]{section.8.12}{Conclusi\363n\040del\040cap\355tulo}{chapter.8}% 109
\BOOKMARK [0][-]{chapter.9}{Requerimientos\040funcionales,\040no\040funcionales\040y\040trazabilidad}{}% 110
\BOOKMARK [1][-]{section.9.1}{Prop\363sito\040del\040cap\355tulo}{chapter.9}% 111
\BOOKMARK [1][-]{section.9.2}{Fuentes\040y\040criterios\040de\040formalizaci\363n}{chapter.9}% 112
\BOOKMARK [1][-]{section.9.3}{Actores\040y\040responsabilidades}{chapter.9}% 113
\BOOKMARK [1][-]{section.9.4}{Estados\040de\040requerimiento\040y\040criterio\040de\040prioridad}{chapter.9}% 114
\BOOKMARK [1][-]{section.9.5}{Flujos\040alternativos\040y\040excepciones}{chapter.9}% 115
\BOOKMARK [1][-]{section.9.6}{Historias\040de\040usuario\040priorizadas}{chapter.9}% 116
\BOOKMARK [1][-]{section.9.7}{Requerimientos\040funcionales}{chapter.9}% 117
\BOOKMARK [1][-]{section.9.8}{Requerimientos\040no\040funcionales}{chapter.9}% 118
\BOOKMARK [1][-]{section.9.9}{Requerimientos\040de\040validaci\363n}{chapter.9}% 119
\BOOKMARK [1][-]{section.9.10}{Matriz\040de\040trazabilidad\040resumida}{chapter.9}% 120
\BOOKMARK [1][-]{section.9.11}{Control\040de\040alcance\040y\040requerimientos\040diferidos}{chapter.9}% 121
\BOOKMARK [1][-]{section.9.12}{Conclusi\363n\040del\040cap\355tulo}{chapter.9}% 122
\BOOKMARK [0][-]{chapter.10}{Dise\361o\040de\040la\040soluci\363n,\040arquitectura\040y\040selecci\363n\040tecnol\363gica}{}% 123
\BOOKMARK [1][-]{section.10.1}{Prop\363sito\040y\040enfoque\040arquitect\363nico}{chapter.10}% 124
\BOOKMARK [1][-]{section.10.2}{Decisiones\040arquitect\363nicas\040derivadas\040de\040los\040requerimientos}{chapter.10}% 125
\BOOKMARK [1][-]{section.10.3}{Vista\040l\363gica}{chapter.10}% 126
\BOOKMARK [2][-]{subsection.10.3.1}{Arquitectura\040l\363gica\040consolidada}{section.10.3}% 127
\BOOKMARK [2][-]{subsection.10.3.2}{Modelo\040de\040datos}{section.10.3}% 128
\BOOKMARK [2][-]{subsection.10.3.3}{Diagrama\040de\040clases}{section.10.3}% 129
\BOOKMARK [1][-]{section.10.4}{Vista\040de\040procesos}{chapter.10}% 130
\BOOKMARK [2][-]{subsection.10.4.1}{Flujo\040end-to-end\040de\040una\040corrida}{section.10.4}% 131
\BOOKMARK [2][-]{subsection.10.4.2}{Arquitectura\040de\040red,\040protocolos\040y\040seguridad}{section.10.4}% 132
\BOOKMARK [1][-]{section.10.5}{Vista\040de\040desarrollo}{chapter.10}% 133
\BOOKMARK [2][-]{subsection.10.5.1}{Distribuci\363n\040por\040repositorios\040y\040responsabilidades}{section.10.5}% 134
\BOOKMARK [2][-]{subsection.10.5.2}{Estrategia\040de\040datos,\040modelos\040y\040ciclo\040de\040vida\040de\040artifacts}{section.10.5}% 135
\BOOKMARK [2][-]{subsection.10.5.3}{Selecci\363n\040tecnol\363gica\040y\040justificaci\363n}{section.10.5}% 136
\BOOKMARK [2][-]{subsection.10.5.4}{Alternativas\040evaluadas}{section.10.5}% 137
\BOOKMARK [1][-]{section.10.6}{Vista\040f\355sica\040\(despliegue\)}{chapter.10}% 138
\BOOKMARK [2][-]{subsection.10.6.1}{Arquitectura\040actual\040de\040validaci\363n}{section.10.6}% 139
\BOOKMARK [2][-]{subsection.10.6.2}{Arquitectura\040objetivo\040en\040Google\040Cloud}{section.10.6}% 140
\BOOKMARK [1][-]{section.10.7}{Vista\040de\040escenarios\040\(+1\)}{chapter.10}% 141
\BOOKMARK [1][-]{section.10.8}{Dise\361o\040de\040interfaz:\040wireframes\040y\040decisiones\040de\040dise\361o}{chapter.10}% 142
\BOOKMARK [2][-]{subsection.10.8.1}{Criterios\040de\040dise\361o\040derivados\040del\040user\040research}{section.10.8}% 143
\BOOKMARK [2][-]{subsection.10.8.2}{Esquemas\040de\040las\040pantallas\040principales}{section.10.8}% 144
\BOOKMARK [2][-]{subsection.10.8.3}{Decisiones\040de\040dise\361o\040y\040alternativas\040descartadas}{section.10.8}% 145
\BOOKMARK [0][-]{chapter.11}{Capacidades\040del\040prototipo}{}% 146
\BOOKMARK [1][-]{section.11.1}{C\363mo\040leer\040este\040cap\355tulo}{chapter.11}% 147
\BOOKMARK [1][-]{section.11.2}{Ingesta\040y\040preparaci\363n\040del\040estudio}{chapter.11}% 148
\BOOKMARK [1][-]{section.11.3}{Segmentaci\363n\040sagital}{chapter.11}% 149
\BOOKMARK [1][-]{section.11.4}{Segmentaci\363n\040axial}{chapter.11}% 150
\BOOKMARK [1][-]{section.11.5}{Mediciones\040geom\351tricas}{chapter.11}% 151
\BOOKMARK [1][-]{section.11.6}{Asignaci\363n\040de\040nivel\040anat\363mico}{chapter.11}% 152
\BOOKMARK [1][-]{section.11.7}{Visualizaci\363n\040y\040navegaci\363n\040por\040cortes}{chapter.11}% 153
\BOOKMARK [1][-]{section.11.8}{Revisi\363n\040profesional\040y\040salida\040editable}{chapter.11}% 154
\BOOKMARK [1][-]{section.11.9}{Persistencia,\040reapertura\040y\040trazabilidad}{chapter.11}% 155
\BOOKMARK [1][-]{section.11.10}{Seguridad\040y\040estados\040degradados}{chapter.11}% 156
\BOOKMARK [1][-]{section.11.11}{Capacidades\040desarrolladas\040y\040no\040expuestas}{chapter.11}% 157
\BOOKMARK [2][-]{subsection.11.11.1}{Estimaci\363n\040de\040hallazgos\040estructurales\040por\040nivel}{section.11.11}% 158
\BOOKMARK [2][-]{subsection.11.11.2}{Clasificaci\363n\040de\040estenosis\040subarticular}{section.11.11}% 159
\BOOKMARK [1][-]{section.11.12}{Estado\040consolidado\040de\040las\040capacidades}{chapter.11}% 160
\BOOKMARK [0][-]{chapter.12}{Metodolog\355a\040de\040desarrollo\040y\040validaci\363n\040t\351cnica}{}% 161
\BOOKMARK [1][-]{section.12.1}{Enfoque\040de\040trabajo}{chapter.12}% 162
\BOOKMARK [1][-]{section.12.2}{Sistemas\040de\040identificaci\363n}{chapter.12}% 163
\BOOKMARK [1][-]{section.12.3}{Ciclo\040de\040trabajo\040y\040coordinaci\363n}{chapter.12}% 164
\BOOKMARK [1][-]{section.12.4}{Criterios\040de\040listo,\040terminado\040y\040evidencia}{chapter.12}% 165
\BOOKMARK [1][-]{section.12.5}{Validaci\363n\040por\040capas\040y\040pruebas}{chapter.12}% 166
\BOOKMARK [1][-]{section.12.6}{Limitaciones\040metodol\363gicas}{chapter.12}% 167
\BOOKMARK [0][-]{chapter.13}{13.\040Resultados\040de\040la\040evaluaci\363n\040t\351cnica}{}% 168
\BOOKMARK [1][-]{section.13.1}{Prop\363sito\040y\040alcance\040de\040la\040evaluaci\363n}{chapter.13}% 169
\BOOKMARK [1][-]{section.13.2}{Protocolo\040de\040evaluaci\363n}{chapter.13}% 170
\BOOKMARK [1][-]{section.13.3}{Resultados\040de\040segmentaci\363n}{chapter.13}% 171
\BOOKMARK [1][-]{section.13.4}{Umbral\040de\040calidad\040y\040estado\040del\040artifact\040axial}{chapter.13}% 172
\BOOKMARK [1][-]{section.13.5}{Advertencia\040sobre\040la\040partici\363n\040de\040prueba\040axial}{chapter.13}% 173
\BOOKMARK [1][-]{section.13.6}{Verificaci\363n\040por\040contraste\040de\040las\040mediciones\040derivadas}{chapter.13}% 174
\BOOKMARK [1][-]{section.13.7}{Una\040medici\363n\040implementada\040y\040no\040publicada}{chapter.13}% 175
\BOOKMARK [1][-]{section.13.8}{Limitaciones\040de\040la\040evaluaci\363n}{chapter.13}% 176
\BOOKMARK [1][-]{section.13.9}{Conclusi\363n\040del\040cap\355tulo}{chapter.13}% 177
\BOOKMARK [0][-]{chapter.14}{14.\040Planificaci\363n\040acad\351mica\040general}{}% 178
\BOOKMARK [1][-]{section.14.1}{Criterio\040de\040planificaci\363n}{chapter.14}% 179
\BOOKMARK [1][-]{section.14.2}{Planificaci\363n\040por\040entregables}{chapter.14}% 180
\BOOKMARK [1][-]{section.14.3}{Gesti\363n\040de\040cambios}{chapter.14}% 181
\BOOKMARK [1][-]{section.14.4}{Riesgos\040de\040planificaci\363n}{chapter.14}% 182
\BOOKMARK [1][-]{section.14.5}{Conclusi\363n\040de\040la\040planificaci\363n}{chapter.14}% 183
\BOOKMARK [0][-]{appendix.Alph1}{Cronograma\040del\040proyecto}{}% 184
\BOOKMARK [1][-]{section.Alph1.1}{Calendario\040acad\351mico}{appendix.Alph1}% 185
\BOOKMARK [1][-]{section.Alph1.2}{Diagrama\040de\040Gantt}{appendix.Alph1}% 186
\BOOKMARK [1][-]{section.Alph1.3}{Desv\355os\040respecto\040de\040la\040planificaci\363n\040original}{appendix.Alph1}% 187
\BOOKMARK [0][-]{appendix.Alph2}{Glosario\040de\040t\351rminos}{}% 188
\BOOKMARK [0][-]{appendix.Alph3}{Anatom\355a\040de\040la\040columna\040lumbar\040y\040los\040discos\040intervertebrales}{}% 189
\BOOKMARK [1][-]{section.Alph3.1}{Esquema\040simplificado\040de\040columna\040lumbar\040sagital}{appendix.Alph3}% 190
\BOOKMARK [1][-]{section.Alph3.2}{Esquema\040conceptual\040de\040segmentaci\363n.}{appendix.Alph3}% 191
\BOOKMARK [0][-]{appendix.Alph4}{Transcripciones\040de\040las\040entrevistas}{}% 192
\BOOKMARK [1][-]{section*.14}{E.1\040Entrevista\0401\040\(EN-01\)\040-\040Dra.\040Susana\040Torres\040\(M.N.\040179537\)}{appendix.Alph4}% 193
\BOOKMARK [1][-]{section*.15}{E.2\040Entrevista\0402\040\(EN-02\)\040-\040Dr.\040Gonzalo\040Brito}{appendix.Alph4}% 194
\BOOKMARK [1][-]{section*.16}{E.3\040Entrevista\0403\040\(EN-03\)\040-\040Dra.\040Claudia\040Cejas}{appendix.Alph4}% 195
\BOOKMARK [1][-]{section*.17}{E.4\040Entrevista\0404\040\(EN-04\)\040-\040Dr.\040Bruno\040Bregonzi}{appendix.Alph4}% 196
\BOOKMARK [1][-]{section*.18}{E.5\040Entrevista\0405\040\(EN-05\)\040-\040Dr.\040Eduardo\040Luis\040Castiglione}{appendix.Alph4}% 197
\BOOKMARK [0][-]{appendix.Alph5}{Configuraci\363n\040de\040entrenamiento\040de\040los\040modelos}{}% 198
\BOOKMARK [1][-]{section*.19}{F.1\040Par\341metros\040de\040entrenamiento}{appendix.Alph5}% 199
\BOOKMARK [1][-]{section*.20}{F.2\040Aumentaci\363n\040de\040datos}{appendix.Alph5}% 200
\BOOKMARK [1][-]{section*.21}{F.3\040Controles\040de\040calidad\040al\040cierre\040del\040entrenamiento}{appendix.Alph5}% 201
\BOOKMARK [1][-]{section*.22}{F.4\040Trazabilidad\040de\040los\040artifacts}{appendix.Alph5}% 202
\BOOKMARK [0][-]{appendix.Alph6}{Evoluci\363n\040t\351cnica\040del\040desarrollo}{}% 203
\BOOKMARK [1][-]{section.Alph6.1}{Evoluci\363n\040t\351cnica\040alcanzada}{appendix.Alph6}% 204
\BOOKMARK [2][-]{subsection.Alph6.1.1}{Etapa\040fundacional\040y\040separaci\363n\040en\040tres\040repositorios}{section.Alph6.1}% 205
\BOOKMARK [2][-]{subsection.Alph6.1.2}{Backlogs\040t\351cnicos\040por\040repositorio}{section.Alph6.1}% 206
\BOOKMARK [2][-]{subsection.Alph6.1.3}{Bloques\040coordinados\040de\040producto}{section.Alph6.1}% 207
\BOOKMARK [2][-]{subsection.Alph6.1.4}{Estado\040resultante\040para\040la\040entrega\040del\04050\040\045}{section.Alph6.1}% 208
\BOOKMARK [1][-]{section.Alph6.2}{Evoluci\363n\040del\040producto\040visible}{appendix.Alph6}% 209
\BOOKMARK [1][-]{section.Alph6.3}{Evoluci\363n\040del\040pipeline\040de\040inferencia}{appendix.Alph6}% 210
\BOOKMARK [1][-]{section.Alph6.4}{Organizaci\363n\040interna\040del\040m\363dulo\040de\040inteligencia\040artificial}{appendix.Alph6}% 211
\BOOKMARK [0][-]{appendix.Alph7}{Registro\040de\040decisiones\040arquitect\363nicas}{}% 212
\BOOKMARK [1][-]{section*.23}{ADR-001\040\204\040Separaci\363n\040de\040Frontend,\040Backend\040y\040AI\040Module}{appendix.Alph7}% 213
\BOOKMARK [1][-]{section*.23}{ADR-002\040\204\040Spring\040Boot\040para\040el\040Backend\040y\040Python/FastAPI\040para\040el\040AI\040Module}{appendix.Alph7}% 214
\BOOKMARK [1][-]{section*.23}{ADR-003\040\204\040Backend\040como\040\372nica\040frontera\040p\372blica\040hacia\040el\040AI\040Module}{appendix.Alph7}% 215
\BOOKMARK [1][-]{section*.23}{ADR-004\040\204\040PostgreSQL\040para\040persistencia\040transaccional}{appendix.Alph7}% 216
\BOOKMARK [1][-]{section*.23}{ADR-005\040\204\040PyTorch\040como\040runtime\040de\040inferencia\040y\040ONNX\040Runtime\040diferido}{appendix.Alph7}% 217
\BOOKMARK [1][-]{section*.23}{ADR-006\040\204\040Separaci\363n\040entre\040c\363digo\040fuente\040y\040artifacts\040de\040datos\040y\040modelos}{appendix.Alph7}% 218
\BOOKMARK [1][-]{section*.23}{ADR-007\040\204\040Google\040Cloud\040como\040arquitectura\040objetivo\040de\040despliegue}{appendix.Alph7}% 219
\BOOKMARK [0][-]{appendix*.25}{Referencias}{}% 220
\BOOKMARK [0][-]{appendix*.27}{Bibliograf\355a\040y\040recursos\040adicionales}{}% 221
